// Jest Snapshot v1, https://goo.gl/fbAQLP

exports[`<SignUpScreen/> renders correctly 1`] = `
<View
  style={
    {
      "backgroundColor": "#c5effc",
      "flex": 1,
    }
  }
>
  <RCTSafeAreaView>
    <View
      style={
        {
          "alignItems": "center",
          "paddingTop": 66.7,
        }
      }
    >
      <View
        accessibilityState={
          {
            "busy": undefined,
            "checked": undefined,
            "disabled": undefined,
            "expanded": undefined,
            "selected": undefined,
          }
        }
        accessibilityValue={
          {
            "max": undefined,
            "min": undefined,
            "now": undefined,
            "text": undefined,
          }
        }
        accessible={true}
        collapsable={false}
        focusable={true}
        onClick={[Function]}
        onResponderGrant={[Function]}
        onResponderMove={[Function]}
        onResponderRelease={[Function]}
        onResponderTerminate={[Function]}
        onResponderTerminationRequest={[Function]}
        onStartShouldSetResponder={[Function]}
        style={
          {
            "opacity": 1,
          }
        }
      >
        <Image
          source={
            {
              "uri": "https://cdn-icons-png.flaticon.com/512/3177/3177440.png",
            }
          }
          style={
            {
              "borderRadius": 100,
              "height": 333.5,
              "width": 333.5,
            }
          }
        />
      </View>
    </View>
    <View
      style={
        {
          "alignItems": "center",
          "gap": 33.35,
          "paddingTop": 66.7,
        }
      }
    >
      <View
        accessibilityLabel="Username input field"
        onLayout={[Function]}
        style={
          [
            {
              "backgroundColor": "white",
              "borderColor": "#e8e8e8",
              "borderRadius": 5,
              "borderWidth": 1,
              "height": 40,
              "paddingHorizontal": 10,
              "paddingVertical": 10,
              "width": "80%",
            },
            {
              "paddingBottom": 0,
            },
          ]
        }
      >
        <TextInput
          onChangeText={[Function]}
          placeholder="username"
          style={{}}
        />
      </View>
      <View
        accessibilityLabel="Email input field"
        onLayout={[Function]}
        style={
          [
            {
              "backgroundColor": "white",
              "borderColor": "#e8e8e8",
              "borderRadius": 5,
              "borderWidth": 1,
              "height": 40,
              "paddingHorizontal": 10,
              "paddingVertical": 10,
              "width": "80%",
            },
            {
              "paddingBottom": 0,
            },
          ]
        }
      >
        <TextInput
          onChangeText={[Function]}
          placeholder="email"
          style={{}}
        />
      </View>
      <View
        accessibilityLabel="Password input field"
        onLayout={[Function]}
        style={
          [
            {
              "backgroundColor": "white",
              "borderColor": "#e8e8e8",
              "borderRadius": 5,
              "borderWidth": 1,
              "height": 40,
              "paddingHorizontal": 10,
              "paddingVertical": 10,
              "width": "80%",
            },
            {
              "paddingBottom": 0,
            },
          ]
        }
      >
        <TextInput
          onChangeText={[Function]}
          placeholder="password"
          style={{}}
        />
      </View>
      <View
        accessibilityLabel="Bio input field"
        onLayout={[Function]}
        style={
          [
            {
              "backgroundColor": "white",
              "borderColor": "#e8e8e8",
              "borderRadius": 5,
              "borderWidth": 1,
              "height": 110,
              "paddingHorizontal": 10,
              "paddingVertical": 10,
              "width": "80%",
            },
            {
              "paddingBottom": 0,
            },
          ]
        }
      >
        <TextInput
          onChangeText={[Function]}
          placeholder="[optional]Bio  "
          style={{}}
        />
      </View>
      <View
        accessibilityLabel="Create account button"
        accessibilityState={
          {
            "busy": undefined,
            "checked": undefined,
            "disabled": undefined,
            "expanded": undefined,
            "selected": undefined,
          }
        }
        accessibilityValue={
          {
            "max": undefined,
            "min": undefined,
            "now": undefined,
            "text": undefined,
          }
        }
        accessible={true}
        collapsable={false}
        focusable={false}
        onClick={[Function]}
        onResponderGrant={[Function]}
        onResponderMove={[Function]}
        onResponderRelease={[Function]}
        onResponderTerminate={[Function]}
        onResponderTerminationRequest={[Function]}
        onStartShouldSetResponder={[Function]}
        style={
          {
            "alignItems": "center",
            "backgroundColor": "#45d9a8",
            "borderColor": "#57ab8f",
            "borderRadius": 5,
            "borderWidth": 1,
            "opacity": 1,
            "paddingVertical": 10,
            "width": "80%",
          }
        }
      >
        <Text>
          Create Account
        </Text>
      </View>
    </View>
  </RCTSafeAreaView>
</View>
`;
